C:\Users\cogjava3248\Downloads\DigitalBookUsingMicroServices-main (1)\DigitalBookUsingMicroServices-main\AuthorService\src\main\java\com\digitalbooks\author\entitys\BookDetails.java
C:\Users\cogjava3248\Downloads\DigitalBookUsingMicroServices-main (1)\DigitalBookUsingMicroServices-main\AuthorService\src\main\java\com\digitalbooks\author\jwt\api\util\JwtUtil.java
C:\Users\cogjava3248\Downloads\DigitalBookUsingMicroServices-main (1)\DigitalBookUsingMicroServices-main\AuthorService\src\main\java\com\digitalbooks\author\jwt\api\filter\JwtFilter.java
C:\Users\cogjava3248\Downloads\DigitalBookUsingMicroServices-main (1)\DigitalBookUsingMicroServices-main\AuthorService\src\main\java\com\digitalbooks\author\constants\HttpCalls.java
C:\Users\cogjava3248\Downloads\DigitalBookUsingMicroServices-main (1)\DigitalBookUsingMicroServices-main\AuthorService\src\main\java\com\digitalbooks\author\constants\ResponseConstants.java
C:\Users\cogjava3248\Downloads\DigitalBookUsingMicroServices-main (1)\DigitalBookUsingMicroServices-main\AuthorService\src\main\java\com\digitalbooks\author\jwt\api\config\SecurityConfig.java
C:\Users\cogjava3248\Downloads\DigitalBookUsingMicroServices-main (1)\DigitalBookUsingMicroServices-main\AuthorService\src\main\java\com\digitalbooks\author\utils\PasswordEncDec.java
C:\Users\cogjava3248\Downloads\DigitalBookUsingMicroServices-main (1)\DigitalBookUsingMicroServices-main\AuthorService\src\main\java\com\digitalbooks\author\publish\AuthorController.java
C:\Users\cogjava3248\Downloads\DigitalBookUsingMicroServices-main (1)\DigitalBookUsingMicroServices-main\AuthorService\src\main\java\com\digitalbooks\author\constants\CallingOtherApis.java
C:\Users\cogjava3248\Downloads\DigitalBookUsingMicroServices-main (1)\DigitalBookUsingMicroServices-main\AuthorService\src\main\java\com\digitalbooks\author\publish\BookFeign.java
C:\Users\cogjava3248\Downloads\DigitalBookUsingMicroServices-main (1)\DigitalBookUsingMicroServices-main\AuthorService\src\main\java\com\digitalbooks\author\entitys\ResponseEntity.java
C:\Users\cogjava3248\Downloads\DigitalBookUsingMicroServices-main (1)\DigitalBookUsingMicroServices-main\AuthorService\src\main\java\com\digitalbooks\author\AuthorServiceApplication.java
C:\Users\cogjava3248\Downloads\DigitalBookUsingMicroServices-main (1)\DigitalBookUsingMicroServices-main\AuthorService\src\main\java\com\digitalbooks\author\jwt\api\service\CustomUserDetailsService.java
C:\Users\cogjava3248\Downloads\DigitalBookUsingMicroServices-main (1)\DigitalBookUsingMicroServices-main\AuthorService\src\main\java\com\digitalbooks\author\entitys\AuthorDetails.java
C:\Users\cogjava3248\Downloads\DigitalBookUsingMicroServices-main (1)\DigitalBookUsingMicroServices-main\AuthorService\src\main\java\com\digitalbooks\author\exceptionhandler\AuthorExceptionHandler.java
C:\Users\cogjava3248\Downloads\DigitalBookUsingMicroServices-main (1)\DigitalBookUsingMicroServices-main\AuthorService\src\main\java\com\digitalbooks\author\publish\AuthorDao.java
C:\Users\cogjava3248\Downloads\DigitalBookUsingMicroServices-main (1)\DigitalBookUsingMicroServices-main\AuthorService\src\main\java\com\digitalbooks\author\publish\AuthorService.java
